====================================
FILE: syntaxerr-loopscope2.c-
ERROR(10): Syntax error, unexpected '{', expecting '='.
Number of warnings: 0
Number of errors: 1
